-- Automatically generated by SQLQueryTestSuite
-- Number of queries: 17


-- !query 0
select from_csv('1, 3.14', 'a INT, f FLOAT')
-- !query 0 schema
struct<from_csv(1, 3.14):struct<a:int,f:float>>
-- !query 0 output
{"a":1,"f":3.14}


-- !query 1
select from_csv('26/08/2015', 'time Timestamp', map('timestampFormat', 'dd/MM/yyyy'))
-- !query 1 schema
struct<from_csv(26/08/2015):struct<time:timestamp>>
-- !query 1 output
{"time":2015-08-26 00:00:00.0}


-- !query 2
select from_csv('1', 1)
-- !query 2 schema
struct<>
-- !query 2 output
org.apache.spark.sql.AnalysisException
Schema should be specified in DDL format as a string literal or output of the schema_of_csv function instead of 1;; line 1 pos 7


-- !query 3
select from_csv('1', 'a InvalidType')
-- !query 3 schema
struct<>
-- !query 3 output
org.apache.spark.sql.AnalysisException

DataType invalidtype is not supported.(line 1, pos 2)

== SQL ==
a InvalidType
--^^^
; line 1 pos 7


-- !query 4
select from_csv('1', 'a INT', named_struct('mode', 'PERMISSIVE'))
-- !query 4 schema
struct<>
-- !query 4 output
org.apache.spark.sql.AnalysisException
Must use a map() function for options;; line 1 pos 7


-- !query 5
select from_csv('1', 'a INT', map('mode', 1))
-- !query 5 schema
struct<>
-- !query 5 output
org.apache.spark.sql.AnalysisException
A type of keys and values in map() must be string, but got map<string,int>;; line 1 pos 7


-- !query 6
select from_csv()
-- !query 6 schema
struct<>
-- !query 6 output
org.apache.spark.sql.AnalysisException
Invalid number of arguments for function from_csv. Expected: one of 2 and 3; Found: 0; line 1 pos 7


-- !query 7
select from_csv('1,abc', schema_of_csv('1,abc'))
-- !query 7 schema
struct<from_csv(1,abc):struct<_c0:int,_c1:string>>
-- !query 7 output
{"_c0":1,"_c1":"abc"}


-- !query 8
select schema_of_csv('1|abc', map('delimiter', '|'))
-- !query 8 schema
struct<schema_of_csv(1|abc):string>
-- !query 8 output
struct<_c0:int,_c1:string>


-- !query 9
select schema_of_csv(null)
-- !query 9 schema
struct<>
-- !query 9 output
org.apache.spark.sql.AnalysisException
cannot resolve 'schema_of_csv(NULL)' due to data type mismatch: The input csv should be a string literal and not null; however, got NULL.; line 1 pos 7


-- !query 10
CREATE TEMPORARY VIEW csvTable(csvField, a) AS SELECT * FROM VALUES ('1,abc', 'a')
-- !query 10 schema
struct<>
-- !query 10 output



-- !query 11
SELECT schema_of_csv(csvField) FROM csvTable
-- !query 11 schema
struct<>
-- !query 11 output
org.apache.spark.sql.AnalysisException
cannot resolve 'schema_of_csv(csvtable.`csvField`)' due to data type mismatch: The input csv should be a string literal and not null; however, got csvtable.`csvField`.; line 1 pos 7


-- !query 12
DROP VIEW IF EXISTS csvTable
-- !query 12 schema
struct<>
-- !query 12 output



-- !query 13
select to_csv(named_struct('a', 1, 'b', 2))
-- !query 13 schema
struct<to_csv(named_struct(a, 1, b, 2)):string>
-- !query 13 output
1,2


-- !query 14
select to_csv(named_struct('time', to_timestamp('2015-08-26', 'yyyy-MM-dd')), map('timestampFormat', 'dd/MM/yyyy'))
-- !query 14 schema
struct<to_csv(named_struct(time, to_timestamp('2015-08-26', 'yyyy-MM-dd'))):string>
-- !query 14 output
26/08/2015


-- !query 15
select to_csv(named_struct('a', 1, 'b', 2), named_struct('mode', 'PERMISSIVE'))
-- !query 15 schema
struct<>
-- !query 15 output
org.apache.spark.sql.AnalysisException
Must use a map() function for options;; line 1 pos 7


-- !query 16
select to_csv(named_struct('a', 1, 'b', 2), map('mode', 1))
-- !query 16 schema
struct<>
-- !query 16 output
org.apache.spark.sql.AnalysisException
A type of keys and values in map() must be string, but got map<string,int>;; line 1 pos 7
