-- Automatically generated by SQLQueryTestSuite
-- Number of queries: 10


-- !query 0
set spark.sql.legacy.integralDivide.returnBigint=true
-- !query 0 schema
struct<key:string,value:string>
-- !query 0 output
spark.sql.legacy.integralDivide.returnBigint	true


-- !query 1
select 5 div 2
-- !query 1 schema
struct<(5 div 2):bigint>
-- !query 1 output
2


-- !query 2
select 5 div 0
-- !query 2 schema
struct<(5 div 0):bigint>
-- !query 2 output
NULL


-- !query 3
select 5 div null
-- !query 3 schema
struct<(5 div CAST(NULL AS INT)):bigint>
-- !query 3 output
NULL


-- !query 4
select null div 5
-- !query 4 schema
struct<(CAST(NULL AS INT) div 5):bigint>
-- !query 4 output
NULL


-- !query 5
set spark.sql.legacy.integralDivide.returnBigint=false
-- !query 5 schema
struct<key:string,value:string>
-- !query 5 output
spark.sql.legacy.integralDivide.returnBigint	false


-- !query 6
select 5 div 2
-- !query 6 schema
struct<(5 div 2):int>
-- !query 6 output
2


-- !query 7
select 5 div 0
-- !query 7 schema
struct<(5 div 0):int>
-- !query 7 output
NULL


-- !query 8
select 5 div null
-- !query 8 schema
struct<(5 div CAST(NULL AS INT)):int>
-- !query 8 output
NULL


-- !query 9
select null div 5
-- !query 9 schema
struct<(CAST(NULL AS INT) div 5):int>
-- !query 9 output
NULL
