-- Automatically generated by SQLQueryTestSuite
-- Number of queries: 13


-- !query 0
select concat_ws()
-- !query 0 schema
struct<>
-- !query 0 output
org.apache.spark.sql.AnalysisException
requirement failed: concat_ws requires at least one argument.; line 1 pos 7


-- !query 1
select format_string()
-- !query 1 schema
struct<>
-- !query 1 output
org.apache.spark.sql.AnalysisException
requirement failed: format_string() should take at least 1 argument; line 1 pos 7


-- !query 2
select 'a' || 'b' || 'c'
-- !query 2 schema
struct<concat(concat(a, b), c):string>
-- !query 2 output
abc


-- !query 3
select replace('abc', 'b', '123')
-- !query 3 schema
struct<replace(abc, b, 123):string>
-- !query 3 output
a123c


-- !query 4
select replace('abc', 'b')
-- !query 4 schema
struct<replace(abc, b, ):string>
-- !query 4 output
ac


-- !query 5
select length(uuid()), (uuid() <> uuid())
-- !query 5 schema
struct<length(uuid()):int,(NOT (uuid() = uuid())):boolean>
-- !query 5 output
36	true


-- !query 6
select position('bar' in 'foobarbar'), position(null, 'foobarbar'), position('aaads', null)
-- !query 6 schema
struct<locate(bar, foobarbar, 1):int,locate(CAST(NULL AS STRING), foobarbar, 1):int,locate(aaads, CAST(NULL AS STRING), 1):int>
-- !query 6 output
4	NULL	NULL


-- !query 7
select left("abcd", 2), left("abcd", 5), left("abcd", '2'), left("abcd", null)
-- !query 7 schema
struct<left('abcd', 2):string,left('abcd', 5):string,left('abcd', '2'):string,left('abcd', NULL):string>
-- !query 7 output
ab	abcd	ab	NULL


-- !query 8
select left(null, -2), left("abcd", -2), left("abcd", 0), left("abcd", 'a')
-- !query 8 schema
struct<left(NULL, -2):string,left('abcd', -2):string,left('abcd', 0):string,left('abcd', 'a'):string>
-- !query 8 output
NULL			NULL


-- !query 9
select right("abcd", 2), right("abcd", 5), right("abcd", '2'), right("abcd", null)
-- !query 9 schema
struct<right('abcd', 2):string,right('abcd', 5):string,right('abcd', '2'):string,right('abcd', NULL):string>
-- !query 9 output
cd	abcd	cd	NULL


-- !query 10
select right(null, -2), right("abcd", -2), right("abcd", 0), right("abcd", 'a')
-- !query 10 schema
struct<right(NULL, -2):string,right('abcd', -2):string,right('abcd', 0):string,right('abcd', 'a'):string>
-- !query 10 output
NULL			NULL


-- !query 11
SELECT split('aa1cc2ee3', '[1-9]+')
-- !query 11 schema
struct<split(aa1cc2ee3, [1-9]+, -1):array<string>>
-- !query 11 output
["aa","cc","ee",""]


-- !query 12
SELECT split('aa1cc2ee3', '[1-9]+', 2)
-- !query 12 schema
struct<split(aa1cc2ee3, [1-9]+, 2):array<string>>
-- !query 12 output
["aa","cc2ee3"]
